<html>
<body>
<pre>
<h1>µVision Build Log</h1>
<h2>Tool Versions:</h2>
IDE-Version: £gVision V5.23.0.0
Copyright (C) 2017 ARM Ltd and ARM Germany GmbH. All rights reserved.
License Information: willy ouyang, NCKU, LIC=----
 
Tool Versions:
Toolchain:       MDK-Lite  Version: 5.23
Toolchain Path:  C:\Keil_v5\ARM\ARMCC\Bin
C Compiler:      Armcc.exe V5.06 update 4 (build 422)
Assembler:       Armasm.exe V5.06 update 4 (build 422)
Linker/Locator:  ArmLink.exe V5.06 update 4 (build 422)
Library Manager: ArmAr.exe V5.06 update 4 (build 422)
Hex Converter:   FromElf.exe V5.06 update 4 (build 422)
CPU DLL:         SARMCM3.DLL V5.23
Dialog DLL:      DCM.DLL V1.15.0.0
Target DLL:      STLink\ST-LINKIII-KEIL_SWO.dll V2.0.18.0
Dialog DLL:      TCM.DLL V1.27.0.0
 
<h2>Project:</h2>
D:\project_class\scoreboard\Score_board-modified\Score_board\MDK-ARM\Score_board.uvprojx
Project File Date:  06/06/2017

<h2>Output:</h2>
*** Using Compiler 'V5.06 update 4 (build 422)', folder: 'C:\Keil_v5\ARM\ARMCC\Bin'
Rebuild target 'Score_board Configuration'
compiling stm32l0xx_it.c...
compiling stm32l0xx_hal_msp.c...
assembling startup_stm32l051xx.s...
compiling main.c...
..\Src\main.h(64): warning:  #1295-D: Deprecated declaration send_time - give arg types
  void send_time();
..\Src\main.c(472): warning:  #177-D: variable "time"  was declared but never referenced
  	char time[10]={'<','!','>',(char)((min/10)%10+'0'),(char)(min%10+'0'),':',(char)((sec/10)%6+'0'),(char)(sec%10+'0'),'\r','\n'};
..\Src\main.c(671): warning:  #177-D: variable "cnt"  was declared but never referenced
  		static uint8_t cnt = 0; // this counter is used to determine the string length
..\Src\main.c(672): warning:  #177-D: variable "i"  was declared but never referenced
  		int i = 0;
..\Src\main.c: 4 warnings, 0 errors
compiling system_stm32l0xx.c...
compiling stm32l0xx_hal_dma.c...
compiling stm32l0xx_hal.c...
compiling stm32l0xx_hal_rcc.c...
compiling stm32l0xx_hal_pwr_ex.c...
compiling stm32l0xx_hal_pwr.c...
compiling stm32l0xx_hal_rcc_ex.c...
compiling stm32l0xx_hal_flash_ex.c...
compiling stm32l0xx_hal_gpio.c...
compiling stm32l0xx_hal_flash_ramfunc.c...
compiling stm32l0xx_hal_cortex.c...
compiling stm32l0xx_hal_uart.c...
compiling stm32l0xx_hal_uart_ex.c...
compiling stm32l0xx_hal_flash.c...
linking...
Program Size: Code=8328 RO-data=252 RW-data=124 ZI-data=1388  
"Score_board Configuration\Score_board Configuration.axf" - 0 Error(s), 4 Warning(s).

<h2>Collection of Component include folders:</h2>
  .\RTE\_Score_board_Configuration
  C:\Keil_v5\ARM\PACK\Keil\STM32L0xx_DFP\1.6.0\Device\Include

<h2>Collection of Component Files used:</h2>
Build Time Elapsed:  00:00:12
</pre>
</body>
</html>
